// Jest Snapshot v1, https://goo.gl/fbAQLP

exports[`HtmlWebpackPolyfillIOPlugin configuration callback invalid callback name throws an error describing the misconfiguration 1`] = `"option 'callback' must match regular expression '/^[\\\\w\\\\.]+$/'. Received: 'invalid callback name'"`;

exports[`HtmlWebpackPolyfillIOPlugin configuration flags other throws an error describing the misconfiguration 1`] = `"option 'flags' must be one of ['always', 'gated']. Received: 'other'"`;

exports[`HtmlWebpackPolyfillIOPlugin configuration unknown other throws an error describing the misconfiguration 1`] = `"option 'unknown' must be one of ['ignore', 'polyfill']. Received: 'other'"`;
